// Jest Snapshot v1, https://goo.gl/fbAQLP

exports[`Tab snapshot render 1`] = `
<div
  class="tab"
>
  Test tab
</div>
`;
